apiVersion: cluster.appuio.io/v1beta1
kind: EmergencyAccount
metadata:
  annotations: {}
  labels:
    name: example
  name: example
  namespace: appuio-emergency-credentials-controller
spec:
  minValidityDurationLeft: 168h
  tokenStores:
    - name: secret
      type: secret
  validityDuration: 720h
---
apiVersion: cluster.appuio.io/v1beta1
kind: EmergencyAccount
metadata:
  annotations: {}
  labels:
    name: no-binding
  name: no-binding
  namespace: appuio-emergency-credentials-controller
spec:
  tokenStores:
    - name: ext-s3
      type: s3
    - name: secret
      type: secret
  validityDuration: 720h
