apiVersion: monitoring.coreos.com/v1
kind: ServiceMonitor
metadata:
  labels:
    app.kubernetes.io/component: metrics
    app.kubernetes.io/created-by: emergency-credentials-controller
    app.kubernetes.io/instance: controller-manager-metrics-monitor
    app.kubernetes.io/managed-by: commodore
    app.kubernetes.io/name: servicemonitor
    app.kubernetes.io/part-of: emergency-credentials-controller
    control-plane: controller-manager
  name: emergency-credentials-controller-controller-manager-metrics-monitor
  namespace: appuio-emergency-credentials-controller
spec:
  endpoints:
  - bearerTokenFile: /var/run/secrets/kubernetes.io/serviceaccount/token
    metricRelabelings:
    - action: keep
      regex: emergency_credentials_controller_.+
      sourceLabels:
      - __name__
    path: /metrics
    port: https
    scheme: https
    tlsConfig:
      insecureSkipVerify: true
  selector:
    matchLabels:
      control-plane: controller-manager
