apiVersion: rbac.authorization.k8s.io/v1
kind: RoleBinding
metadata:
  labels:
    app.kubernetes.io/component: rbac
    app.kubernetes.io/created-by: emergency-credentials-controller
    app.kubernetes.io/instance: manager-rolebinding
    app.kubernetes.io/managed-by: commodore
    app.kubernetes.io/name: rolebinding
    app.kubernetes.io/part-of: emergency-credentials-controller
  name: emergency-credentials-controller-manager-rolebinding
  namespace: appuio-emergency-credentials-controller
roleRef:
  apiGroup: rbac.authorization.k8s.io
  kind: Role
  name: emergency-credentials-controller-manager-role
subjects:
- kind: ServiceAccount
  name: emergency-credentials-controller-controller-manager
  namespace: appuio-emergency-credentials-controller
