apiVersion: v1
kind: Service
metadata:
  labels:
    app.kubernetes.io/component: kube-rbac-proxy
    app.kubernetes.io/created-by: emergency-credentials-controller
    app.kubernetes.io/instance: controller-manager-metrics-service
    app.kubernetes.io/managed-by: commodore
    app.kubernetes.io/name: service
    app.kubernetes.io/part-of: emergency-credentials-controller
    control-plane: controller-manager
  name: emergency-credentials-controller-controller-manager-metrics-service
  namespace: appuio-emergency-credentials-controller
spec:
  ports:
  - name: https
    port: 8443
    protocol: TCP
    targetPort: https
  selector:
    control-plane: controller-manager
