apiVersion: v1
kind: ServiceAccount
metadata:
  labels:
    app.kubernetes.io/component: rbac
    app.kubernetes.io/created-by: emergency-credentials-controller
    app.kubernetes.io/instance: controller-manager
    app.kubernetes.io/managed-by: commodore
    app.kubernetes.io/name: serviceaccount
    app.kubernetes.io/part-of: emergency-credentials-controller
  name: emergency-credentials-controller-controller-manager
  namespace: appuio-emergency-credentials-controller
